// Jest Snapshot v1, https://goo.gl/fbAQLP

exports[`renders correctly 1`] = `
<View
  style={
    Object {
      "alignItems": "center",
      "backgroundColor": "#F5FCFF",
      "flex": 1,
      "justifyContent": "center",
    }
  }
>
  <Text
    style={
      Object {
        "fontSize": 20,
        "margin": 10,
        "textAlign": "center",
      }
    }
  >
    Welcome to React Native!
  </Text>
  <Text
    style={
      Object {
        "color": "#333333",
        "marginBottom": 5,
        "textAlign": "center",
      }
    }
  >
    To get started, edit App.js
  </Text>
  <Text
    style={
      Object {
        "color": "#333333",
        "marginBottom": 5,
        "textAlign": "center",
      }
    }
  >
    Press Cmd+R to reload,
Cmd+D or shake for dev menu
  </Text>
  <View
    accessible={true}
    isTVSelectable={true}
    onResponderGrant={[Function]}
    onResponderMove={[Function]}
    onResponderRelease={[Function]}
    onResponderTerminate={[Function]}
    onResponderTerminationRequest={[Function]}
    onStartShouldSetResponder={[Function]}
    style={
      Object {
        "alignSelf": "stretch",
        "backgroundColor": "#38ba7d",
        "borderBottomColor": "#1e6343",
        "borderBottomWidth": 6,
        "borderWidth": 1,
        "height": 45,
        "justifyContent": "center",
        "marginLeft": 15,
        "marginRight": 15,
        "opacity": 1,
      }
    }
  >
    <Text
      style={
        Object {
          "alignSelf": "center",
          "color": "#fff",
          "fontSize": 16,
          "fontWeight": "600",
        }
      }
    >
      test label
    </Text>
  </View>
  <Text
    onMouseEnter={[Function]}
    onMouseLeave={[Function]}
    onPress={[Function]}
  >
    <Text>
      Facebook
    </Text>
  </Text>
  <View
    style={
      Object {
        "flex": 1,
      }
    }
  >
    <RCTWebView
      messagingEnabled={false}
      onLoadingError={[Function]}
      onLoadingFinish={[Function]}
      onLoadingStart={[Function]}
      onMessage={[Function]}
      onShouldStartLoadWithRequest={[Function]}
      scalesPageToFit={true}
      source={
        Object {
          "uri": "https://github.com/facebook/react-native",
        }
      }
      style={
        Array [
          Object {
            "flex": 1,
          },
          Object {
            "backgroundColor": "#ffffff",
          },
          Object {
            "marginTop": 20,
          },
        ]
      }
    />
  </View>
</View>
`;
